/home/juaneugenio/programmig/farm_app/backend/farmapp/src/test/java/com/jpsoftware/farmapp/FarmappApplicationTests.java
/home/juaneugenio/programmig/farm_app/backend/farmapp/src/test/java/com/jpsoftware/farmapp/base/BaseIntegrationTest.java
/home/juaneugenio/programmig/farm_app/backend/farmapp/src/test/java/com/jpsoftware/farmapp/contract/animal/AnimalControllerContractTest.java
/home/juaneugenio/programmig/farm_app/backend/farmapp/src/test/java/com/jpsoftware/farmapp/contract/dashboard/DashboardControllerContractTest.java
/home/juaneugenio/programmig/farm_app/backend/farmapp/src/test/java/com/jpsoftware/farmapp/contract/feed/FeedTypeControllerContractTest.java
/home/juaneugenio/programmig/farm_app/backend/farmapp/src/test/java/com/jpsoftware/farmapp/contract/feeding/FeedingControllerContractTest.java
/home/juaneugenio/programmig/farm_app/backend/farmapp/src/test/java/com/jpsoftware/farmapp/contract/production/ProductionControllerContractTest.java
/home/juaneugenio/programmig/farm_app/backend/farmapp/src/test/java/com/jpsoftware/farmapp/contract/user/UserControllerContractTest.java
/home/juaneugenio/programmig/farm_app/backend/farmapp/src/test/java/com/jpsoftware/farmapp/fixture/AnimalFixture.java
/home/juaneugenio/programmig/farm_app/backend/farmapp/src/test/java/com/jpsoftware/farmapp/fixture/FeedingFixture.java
/home/juaneugenio/programmig/farm_app/backend/farmapp/src/test/java/com/jpsoftware/farmapp/fixture/ProductionFixture.java
/home/juaneugenio/programmig/farm_app/backend/farmapp/src/test/java/com/jpsoftware/farmapp/integration/animal/AnimalIntegrationTest.java
/home/juaneugenio/programmig/farm_app/backend/farmapp/src/test/java/com/jpsoftware/farmapp/integration/auth/AuthIntegrationTest.java
/home/juaneugenio/programmig/farm_app/backend/farmapp/src/test/java/com/jpsoftware/farmapp/integration/feeding/FeedingIntegrationTest.java
/home/juaneugenio/programmig/farm_app/backend/farmapp/src/test/java/com/jpsoftware/farmapp/integration/production/ProductionIntegrationTest.java
/home/juaneugenio/programmig/farm_app/backend/farmapp/src/test/java/com/jpsoftware/farmapp/shared/exception/GlobalExceptionHandlerTest.java
/home/juaneugenio/programmig/farm_app/backend/farmapp/src/test/java/com/jpsoftware/farmapp/unit/animal/AnimalServiceTest.java
/home/juaneugenio/programmig/farm_app/backend/farmapp/src/test/java/com/jpsoftware/farmapp/unit/dashboard/DashboardServiceTest.java
/home/juaneugenio/programmig/farm_app/backend/farmapp/src/test/java/com/jpsoftware/farmapp/unit/feed/FeedTypeServiceTest.java
/home/juaneugenio/programmig/farm_app/backend/farmapp/src/test/java/com/jpsoftware/farmapp/unit/feeding/FeedingServiceTest.java
/home/juaneugenio/programmig/farm_app/backend/farmapp/src/test/java/com/jpsoftware/farmapp/unit/production/ProductionServiceTest.java
/home/juaneugenio/programmig/farm_app/backend/farmapp/src/test/java/com/jpsoftware/farmapp/unit/shared/config/DefaultAdminInitializerTest.java
/home/juaneugenio/programmig/farm_app/backend/farmapp/src/test/java/com/jpsoftware/farmapp/unit/user/UserServiceTest.java
