com/jpsoftware/farmapp/animal/dto/AnimalSummaryResponse.class
com/jpsoftware/farmapp/auth/model/AuthenticatedUser.class
com/jpsoftware/farmapp/user/entity/UserEntity.class
com/jpsoftware/farmapp/analytics/dto/AnalyticsProfitPointResponse.class
com/jpsoftware/farmapp/production/entity/ProductionEntity.class
com/jpsoftware/farmapp/analytics/controller/AnalyticsController.class
com/jpsoftware/farmapp/animal/controller/AnimalController.class
com/jpsoftware/farmapp/auth/dto/LoginResponse.class
com/jpsoftware/farmapp/feed/entity/FeedTypeEntity.class
com/jpsoftware/farmapp/auth/service/AuthService.class
com/jpsoftware/farmapp/user/repository/UserRepository.class
com/jpsoftware/farmapp/farm/entity/FarmEntity.class
com/jpsoftware/farmapp/auth/infrastructure/JwtAuthenticationFilter.class
com/jpsoftware/farmapp/milkprice/dto/CreateMilkPriceRequest.class
com/jpsoftware/farmapp/animal/entity/AnimalEntity.class
com/jpsoftware/farmapp/analytics/dto/AnalyticsTimeSeriesPointResponse.class
com/jpsoftware/farmapp/analytics/dto/AnalyticsGroupBy.class
com/jpsoftware/farmapp/auth/infrastructure/JwtTokenService.class
com/jpsoftware/farmapp/animal/dto/AnimalResponse$AnimalResponseBuilder.class
com/jpsoftware/farmapp/animal/entity/AnimalEntity$AnimalEntityBuilder.class
com/jpsoftware/farmapp/milkprice/service/MilkPriceService.class
com/jpsoftware/farmapp/auth/infrastructure/RestAuthenticationEntryPoint.class
com/jpsoftware/farmapp/feed/repository/FeedTypeRepository.class
com/jpsoftware/farmapp/milkprice/repository/MilkPriceRepository.class
com/jpsoftware/farmapp/animal/mapper/AnimalMapper.class
com/jpsoftware/farmapp/feeding/entity/FeedingEntity.class
com/jpsoftware/farmapp/analytics/dto/AnalyticsAnimalProductionPointResponse.class
com/jpsoftware/farmapp/auth/service/AuthenticationContextService.class
com/jpsoftware/farmapp/auth/dto/LoginRequest.class
com/jpsoftware/farmapp/feeding/repository/FeedingRepository.class
com/jpsoftware/farmapp/user/mapper/UserMapper.class
com/jpsoftware/farmapp/auth/service/TokenService.class
com/jpsoftware/farmapp/milkprice/dto/MilkPriceResponse.class
com/jpsoftware/farmapp/FarmAppApplication.class
com/jpsoftware/farmapp/animal/repository/AnimalRepository.class
com/jpsoftware/farmapp/milkprice/entity/MilkPriceEntity.class
com/jpsoftware/farmapp/user/repository/UserFarmAssignmentRepository.class
com/jpsoftware/farmapp/analytics/service/AnalyticsService.class
com/jpsoftware/farmapp/farm/repository/FarmRepository.class
com/jpsoftware/farmapp/animal/dto/SellAnimalRequest.class
com/jpsoftware/farmapp/animal/service/AnimalService.class
com/jpsoftware/farmapp/user/dto/UserResponse.class
com/jpsoftware/farmapp/animal/dto/UpdateAnimalRequest.class
com/jpsoftware/farmapp/farm/service/FarmAccessService.class
com/jpsoftware/farmapp/user/entity/UserFarmAssignmentEntity.class
com/jpsoftware/farmapp/animal/dto/AnimalResponse.class
com/jpsoftware/farmapp/animal/dto/CreateAnimalRequest.class
com/jpsoftware/farmapp/user/dto/CreateUserRequest.class
com/jpsoftware/farmapp/shared/dto/PaginatedResponse.class
com/jpsoftware/farmapp/production/repository/ProductionRepository.class
com/jpsoftware/farmapp/auth/infrastructure/SecurityConfig.class
com/jpsoftware/farmapp/auth/controller/AuthController.class
