com/jpsoftware/farmapp/unit/production/ProductionServiceTest$UserExistsByIdRepository.class
com/jpsoftware/farmapp/contract/feeding/FeedingControllerContractTest$TestFeedingService.class
com/jpsoftware/farmapp/unit/production/ProductionServiceTest$InMemoryProductionRepository.class
com/jpsoftware/farmapp/shared/exception/GlobalExceptionHandlerTest$ValidationRequest.class
com/jpsoftware/farmapp/contract/production/ProductionControllerContractTest.class
com/jpsoftware/farmapp/contract/feeding/FeedingControllerContractTest.class
com/jpsoftware/farmapp/contract/production/ProductionControllerContractTest$TestProductionService.class
com/jpsoftware/farmapp/contract/analytics/AnalyticsExportControllerContractTest.class
com/jpsoftware/farmapp/integration/auth/AuthIntegrationTest.class
com/jpsoftware/farmapp/unit/feed/FeedTypeServiceTest$InMemoryFeedTypeRepository.class
com/jpsoftware/farmapp/unit/dashboard/DashboardServiceTest.class
com/jpsoftware/farmapp/unit/feeding/FeedingServiceTest.class
com/jpsoftware/farmapp/fixture/FeedingFixture.class
com/jpsoftware/farmapp/integration/animal/AnimalIntegrationTest.class
com/jpsoftware/farmapp/contract/user/UserControllerContractTest.class
com/jpsoftware/farmapp/contract/user/UserControllerContractTest$TestUserService.class
com/jpsoftware/farmapp/fixture/AnimalFixture.class
com/jpsoftware/farmapp/shared/util/CsvExportUtilsTest.class
com/jpsoftware/farmapp/contract/feed/FeedTypeControllerContractTest.class
com/jpsoftware/farmapp/FarmAppApplicationTests.class
com/jpsoftware/farmapp/shared/exception/GlobalExceptionHandlerTest.class
com/jpsoftware/farmapp/unit/feeding/FeedingServiceTest$ExistsByIdRepository.class
com/jpsoftware/farmapp/fixture/ProductionFixture.class
com/jpsoftware/farmapp/base/BaseIntegrationTest.class
com/jpsoftware/farmapp/integration/production/ProductionIntegrationTest.class
com/jpsoftware/farmapp/contract/animal/AnimalExportControllerContractTest.class
com/jpsoftware/farmapp/contract/feed/FeedTypeControllerContractTest$TestFeedTypeService.class
com/jpsoftware/farmapp/unit/shared/config/DefaultAdminInitializerTest.class
com/jpsoftware/farmapp/unit/feed/FeedTypeServiceTest.class
com/jpsoftware/farmapp/contract/animal/AnimalControllerContractTest.class
com/jpsoftware/farmapp/unit/animal/AnimalServiceTest.class
com/jpsoftware/farmapp/unit/feeding/FeedingServiceTest$UserExistsByIdRepository.class
com/jpsoftware/farmapp/unit/production/ProductionServiceTest$ExistsByIdRepository.class
com/jpsoftware/farmapp/integration/feeding/FeedingIntegrationTest.class
com/jpsoftware/farmapp/unit/user/UserServiceTest.class
com/jpsoftware/farmapp/config/LocalProfilePropertiesTest.class
com/jpsoftware/farmapp/unit/analytics/AnalyticsServiceTest.class
com/jpsoftware/farmapp/contract/milkprice/MilkPriceControllerContractTest.class
com/jpsoftware/farmapp/unit/production/ProductionServiceTest$InMemoryFeedingRepository.class
com/jpsoftware/farmapp/integration/user/UserIntegrationTest.class
com/jpsoftware/farmapp/contract/dashboard/DashboardControllerContractTest.class
com/jpsoftware/farmapp/contract/dashboard/DashboardExportControllerContractTest.class
com/jpsoftware/farmapp/shared/util/CsvExportUtilsTest$TestRow.class
com/jpsoftware/farmapp/unit/feeding/FeedingServiceTest$InMemoryFeedingRepository.class
com/jpsoftware/farmapp/contract/milkprice/MilkPriceExportControllerContractTest.class
com/jpsoftware/farmapp/shared/exception/GlobalExceptionHandlerTest$TestExceptionController.class
com/jpsoftware/farmapp/unit/production/ProductionServiceTest.class
