/home/juaneugenio/programmig/farm_app/backend/farmapp/src/main/java/com/jpsoftware/farmapp/FarmAppApplication.java
/home/juaneugenio/programmig/farm_app/backend/farmapp/src/main/java/com/jpsoftware/farmapp/analytics/controller/AnalyticsController.java
/home/juaneugenio/programmig/farm_app/backend/farmapp/src/main/java/com/jpsoftware/farmapp/analytics/dto/AnalyticsAnimalProductionPointResponse.java
/home/juaneugenio/programmig/farm_app/backend/farmapp/src/main/java/com/jpsoftware/farmapp/analytics/dto/AnalyticsGroupBy.java
/home/juaneugenio/programmig/farm_app/backend/farmapp/src/main/java/com/jpsoftware/farmapp/analytics/dto/AnalyticsProfitPointResponse.java
/home/juaneugenio/programmig/farm_app/backend/farmapp/src/main/java/com/jpsoftware/farmapp/analytics/dto/AnalyticsTimeSeriesPointResponse.java
/home/juaneugenio/programmig/farm_app/backend/farmapp/src/main/java/com/jpsoftware/farmapp/analytics/service/AnalyticsService.java
/home/juaneugenio/programmig/farm_app/backend/farmapp/src/main/java/com/jpsoftware/farmapp/animal/controller/AnimalController.java
/home/juaneugenio/programmig/farm_app/backend/farmapp/src/main/java/com/jpsoftware/farmapp/animal/dto/AnimalResponse.java
/home/juaneugenio/programmig/farm_app/backend/farmapp/src/main/java/com/jpsoftware/farmapp/animal/dto/AnimalSummaryResponse.java
/home/juaneugenio/programmig/farm_app/backend/farmapp/src/main/java/com/jpsoftware/farmapp/animal/dto/CreateAnimalRequest.java
/home/juaneugenio/programmig/farm_app/backend/farmapp/src/main/java/com/jpsoftware/farmapp/animal/dto/SellAnimalRequest.java
/home/juaneugenio/programmig/farm_app/backend/farmapp/src/main/java/com/jpsoftware/farmapp/animal/dto/UpdateAnimalRequest.java
/home/juaneugenio/programmig/farm_app/backend/farmapp/src/main/java/com/jpsoftware/farmapp/animal/entity/AnimalEntity.java
/home/juaneugenio/programmig/farm_app/backend/farmapp/src/main/java/com/jpsoftware/farmapp/animal/mapper/AnimalMapper.java
/home/juaneugenio/programmig/farm_app/backend/farmapp/src/main/java/com/jpsoftware/farmapp/animal/repository/AnimalRepository.java
/home/juaneugenio/programmig/farm_app/backend/farmapp/src/main/java/com/jpsoftware/farmapp/animal/service/AnimalService.java
/home/juaneugenio/programmig/farm_app/backend/farmapp/src/main/java/com/jpsoftware/farmapp/auth/controller/AuthController.java
/home/juaneugenio/programmig/farm_app/backend/farmapp/src/main/java/com/jpsoftware/farmapp/auth/dto/LoginRequest.java
/home/juaneugenio/programmig/farm_app/backend/farmapp/src/main/java/com/jpsoftware/farmapp/auth/dto/LoginResponse.java
/home/juaneugenio/programmig/farm_app/backend/farmapp/src/main/java/com/jpsoftware/farmapp/auth/infrastructure/JwtAuthenticationFilter.java
/home/juaneugenio/programmig/farm_app/backend/farmapp/src/main/java/com/jpsoftware/farmapp/auth/infrastructure/JwtTokenService.java
/home/juaneugenio/programmig/farm_app/backend/farmapp/src/main/java/com/jpsoftware/farmapp/auth/infrastructure/RestAuthenticationEntryPoint.java
/home/juaneugenio/programmig/farm_app/backend/farmapp/src/main/java/com/jpsoftware/farmapp/auth/infrastructure/SecurityConfig.java
/home/juaneugenio/programmig/farm_app/backend/farmapp/src/main/java/com/jpsoftware/farmapp/auth/model/AuthenticatedUser.java
/home/juaneugenio/programmig/farm_app/backend/farmapp/src/main/java/com/jpsoftware/farmapp/auth/service/AuthService.java
/home/juaneugenio/programmig/farm_app/backend/farmapp/src/main/java/com/jpsoftware/farmapp/auth/service/AuthenticationContextService.java
/home/juaneugenio/programmig/farm_app/backend/farmapp/src/main/java/com/jpsoftware/farmapp/auth/service/TokenService.java
/home/juaneugenio/programmig/farm_app/backend/farmapp/src/main/java/com/jpsoftware/farmapp/dashboard/controller/DashboardController.java
/home/juaneugenio/programmig/farm_app/backend/farmapp/src/main/java/com/jpsoftware/farmapp/dashboard/dto/DashboardResponse.java
/home/juaneugenio/programmig/farm_app/backend/farmapp/src/main/java/com/jpsoftware/farmapp/dashboard/service/DashboardService.java
/home/juaneugenio/programmig/farm_app/backend/farmapp/src/main/java/com/jpsoftware/farmapp/farm/controller/FarmController.java
/home/juaneugenio/programmig/farm_app/backend/farmapp/src/main/java/com/jpsoftware/farmapp/farm/dto/CreateFarmRequest.java
/home/juaneugenio/programmig/farm_app/backend/farmapp/src/main/java/com/jpsoftware/farmapp/farm/dto/FarmResponse.java
/home/juaneugenio/programmig/farm_app/backend/farmapp/src/main/java/com/jpsoftware/farmapp/farm/entity/FarmEntity.java
/home/juaneugenio/programmig/farm_app/backend/farmapp/src/main/java/com/jpsoftware/farmapp/farm/repository/FarmRepository.java
/home/juaneugenio/programmig/farm_app/backend/farmapp/src/main/java/com/jpsoftware/farmapp/farm/service/FarmAccessService.java
/home/juaneugenio/programmig/farm_app/backend/farmapp/src/main/java/com/jpsoftware/farmapp/farm/service/FarmService.java
/home/juaneugenio/programmig/farm_app/backend/farmapp/src/main/java/com/jpsoftware/farmapp/feed/controller/FeedTypeController.java
/home/juaneugenio/programmig/farm_app/backend/farmapp/src/main/java/com/jpsoftware/farmapp/feed/dto/CreateFeedTypeRequest.java
/home/juaneugenio/programmig/farm_app/backend/farmapp/src/main/java/com/jpsoftware/farmapp/feed/dto/FeedTypeResponse.java
/home/juaneugenio/programmig/farm_app/backend/farmapp/src/main/java/com/jpsoftware/farmapp/feed/dto/FeedTypeSummaryResponse.java
/home/juaneugenio/programmig/farm_app/backend/farmapp/src/main/java/com/jpsoftware/farmapp/feed/entity/FeedTypeEntity.java
/home/juaneugenio/programmig/farm_app/backend/farmapp/src/main/java/com/jpsoftware/farmapp/feed/mapper/FeedTypeMapper.java
/home/juaneugenio/programmig/farm_app/backend/farmapp/src/main/java/com/jpsoftware/farmapp/feed/repository/FeedTypeRepository.java
/home/juaneugenio/programmig/farm_app/backend/farmapp/src/main/java/com/jpsoftware/farmapp/feed/service/FeedTypeService.java
/home/juaneugenio/programmig/farm_app/backend/farmapp/src/main/java/com/jpsoftware/farmapp/feeding/controller/FeedingController.java
/home/juaneugenio/programmig/farm_app/backend/farmapp/src/main/java/com/jpsoftware/farmapp/feeding/dto/CreateFeedingRequest.java
/home/juaneugenio/programmig/farm_app/backend/farmapp/src/main/java/com/jpsoftware/farmapp/feeding/dto/FeedingResponse.java
/home/juaneugenio/programmig/farm_app/backend/farmapp/src/main/java/com/jpsoftware/farmapp/feeding/dto/UpdateFeedingRequest.java
/home/juaneugenio/programmig/farm_app/backend/farmapp/src/main/java/com/jpsoftware/farmapp/feeding/entity/FeedingEntity.java
/home/juaneugenio/programmig/farm_app/backend/farmapp/src/main/java/com/jpsoftware/farmapp/feeding/mapper/FeedingMapper.java
/home/juaneugenio/programmig/farm_app/backend/farmapp/src/main/java/com/jpsoftware/farmapp/feeding/repository/FeedingRepository.java
/home/juaneugenio/programmig/farm_app/backend/farmapp/src/main/java/com/jpsoftware/farmapp/feeding/service/FeedingService.java
/home/juaneugenio/programmig/farm_app/backend/farmapp/src/main/java/com/jpsoftware/farmapp/milkprice/controller/MilkPriceController.java
/home/juaneugenio/programmig/farm_app/backend/farmapp/src/main/java/com/jpsoftware/farmapp/milkprice/dto/CreateMilkPriceRequest.java
/home/juaneugenio/programmig/farm_app/backend/farmapp/src/main/java/com/jpsoftware/farmapp/milkprice/dto/MilkPriceResponse.java
/home/juaneugenio/programmig/farm_app/backend/farmapp/src/main/java/com/jpsoftware/farmapp/milkprice/entity/MilkPriceEntity.java
/home/juaneugenio/programmig/farm_app/backend/farmapp/src/main/java/com/jpsoftware/farmapp/milkprice/repository/MilkPriceRepository.java
/home/juaneugenio/programmig/farm_app/backend/farmapp/src/main/java/com/jpsoftware/farmapp/milkprice/service/MilkPriceService.java
/home/juaneugenio/programmig/farm_app/backend/farmapp/src/main/java/com/jpsoftware/farmapp/production/controller/ProductionController.java
/home/juaneugenio/programmig/farm_app/backend/farmapp/src/main/java/com/jpsoftware/farmapp/production/controller/package-info.java
/home/juaneugenio/programmig/farm_app/backend/farmapp/src/main/java/com/jpsoftware/farmapp/production/dto/CreateProductionRequest.java
/home/juaneugenio/programmig/farm_app/backend/farmapp/src/main/java/com/jpsoftware/farmapp/production/dto/ProductionProfitResponse.java
/home/juaneugenio/programmig/farm_app/backend/farmapp/src/main/java/com/jpsoftware/farmapp/production/dto/ProductionResponse.java
/home/juaneugenio/programmig/farm_app/backend/farmapp/src/main/java/com/jpsoftware/farmapp/production/dto/ProductionSummaryResponse.java
/home/juaneugenio/programmig/farm_app/backend/farmapp/src/main/java/com/jpsoftware/farmapp/production/dto/UpdateProductionRequest.java
/home/juaneugenio/programmig/farm_app/backend/farmapp/src/main/java/com/jpsoftware/farmapp/production/entity/ProductionEntity.java
/home/juaneugenio/programmig/farm_app/backend/farmapp/src/main/java/com/jpsoftware/farmapp/production/mapper/ProductionMapper.java
/home/juaneugenio/programmig/farm_app/backend/farmapp/src/main/java/com/jpsoftware/farmapp/production/repository/ProductionRepository.java
/home/juaneugenio/programmig/farm_app/backend/farmapp/src/main/java/com/jpsoftware/farmapp/production/service/ProductionService.java
/home/juaneugenio/programmig/farm_app/backend/farmapp/src/main/java/com/jpsoftware/farmapp/production/service/package-info.java
/home/juaneugenio/programmig/farm_app/backend/farmapp/src/main/java/com/jpsoftware/farmapp/shared/config/CorsConfig.java
/home/juaneugenio/programmig/farm_app/backend/farmapp/src/main/java/com/jpsoftware/farmapp/shared/config/DefaultAdminInitializer.java
/home/juaneugenio/programmig/farm_app/backend/farmapp/src/main/java/com/jpsoftware/farmapp/shared/config/OpenApiConfig.java
/home/juaneugenio/programmig/farm_app/backend/farmapp/src/main/java/com/jpsoftware/farmapp/shared/currency/CurrencyCode.java
/home/juaneugenio/programmig/farm_app/backend/farmapp/src/main/java/com/jpsoftware/farmapp/shared/currency/CurrencyConversionUtils.java
/home/juaneugenio/programmig/farm_app/backend/farmapp/src/main/java/com/jpsoftware/farmapp/shared/dto/PaginatedResponse.java
/home/juaneugenio/programmig/farm_app/backend/farmapp/src/main/java/com/jpsoftware/farmapp/shared/dto/package-info.java
/home/juaneugenio/programmig/farm_app/backend/farmapp/src/main/java/com/jpsoftware/farmapp/shared/exception/BusinessException.java
/home/juaneugenio/programmig/farm_app/backend/farmapp/src/main/java/com/jpsoftware/farmapp/shared/exception/ConflictException.java
/home/juaneugenio/programmig/farm_app/backend/farmapp/src/main/java/com/jpsoftware/farmapp/shared/exception/ErrorResponse.java
/home/juaneugenio/programmig/farm_app/backend/farmapp/src/main/java/com/jpsoftware/farmapp/shared/exception/GlobalExceptionHandler.java
/home/juaneugenio/programmig/farm_app/backend/farmapp/src/main/java/com/jpsoftware/farmapp/shared/exception/InvalidCredentialsException.java
/home/juaneugenio/programmig/farm_app/backend/farmapp/src/main/java/com/jpsoftware/farmapp/shared/exception/ResourceNotFoundException.java
/home/juaneugenio/programmig/farm_app/backend/farmapp/src/main/java/com/jpsoftware/farmapp/shared/exception/ValidationException.java
/home/juaneugenio/programmig/farm_app/backend/farmapp/src/main/java/com/jpsoftware/farmapp/shared/util/CsvColumn.java
/home/juaneugenio/programmig/farm_app/backend/farmapp/src/main/java/com/jpsoftware/farmapp/shared/util/CsvExportUtils.java
/home/juaneugenio/programmig/farm_app/backend/farmapp/src/main/java/com/jpsoftware/farmapp/shared/util/CsvResponseFactory.java
/home/juaneugenio/programmig/farm_app/backend/farmapp/src/main/java/com/jpsoftware/farmapp/shared/util/DecimalScaleUtils.java
/home/juaneugenio/programmig/farm_app/backend/farmapp/src/main/java/com/jpsoftware/farmapp/user/controller/UserController.java
/home/juaneugenio/programmig/farm_app/backend/farmapp/src/main/java/com/jpsoftware/farmapp/user/dto/ActivateUserRequest.java
/home/juaneugenio/programmig/farm_app/backend/farmapp/src/main/java/com/jpsoftware/farmapp/user/dto/CreateUserRequest.java
/home/juaneugenio/programmig/farm_app/backend/farmapp/src/main/java/com/jpsoftware/farmapp/user/dto/UpdatePasswordRequest.java
/home/juaneugenio/programmig/farm_app/backend/farmapp/src/main/java/com/jpsoftware/farmapp/user/dto/UpdateUserRequest.java
/home/juaneugenio/programmig/farm_app/backend/farmapp/src/main/java/com/jpsoftware/farmapp/user/dto/UserResponse.java
/home/juaneugenio/programmig/farm_app/backend/farmapp/src/main/java/com/jpsoftware/farmapp/user/entity/UserEntity.java
/home/juaneugenio/programmig/farm_app/backend/farmapp/src/main/java/com/jpsoftware/farmapp/user/entity/UserFarmAssignmentEntity.java
/home/juaneugenio/programmig/farm_app/backend/farmapp/src/main/java/com/jpsoftware/farmapp/user/mapper/UserMapper.java
/home/juaneugenio/programmig/farm_app/backend/farmapp/src/main/java/com/jpsoftware/farmapp/user/repository/UserFarmAssignmentRepository.java
/home/juaneugenio/programmig/farm_app/backend/farmapp/src/main/java/com/jpsoftware/farmapp/user/repository/UserRepository.java
/home/juaneugenio/programmig/farm_app/backend/farmapp/src/main/java/com/jpsoftware/farmapp/user/service/UserService.java
